# dry-run: cannot query wslc (exec: wslc: not found); assuming empty state
wslc network create -l com.docker.compose.network=default -l com.docker.compose.project=minimal minimal_default
wslc pull nginx:alpine
wslc run -d --name minimal-hello-1 -l com.docker.compose.container-number=1 -l com.docker.compose.oneoff=False -l com.docker.compose.project=minimal -l com.docker.compose.project.config_files=C:/proj/minimal.yaml -l com.docker.compose.project.working_dir=C:/proj -l com.docker.compose.service=hello -l com.wslc.compose.config-hash=<hash> -l com.wslc.compose.version=dev -p 8080:80 --network minimal_default --network-alias hello --dns 1.1.1.1 nginx:alpine
